[fusionfx.com.ng/register/68ebeb645eb5e.html]
[backblue.gif]
[fade.gif]
[index.html]
[fusionfx.com.ng/assets/images/logo/favicon.png]
[fusionfx.com.ng/assets/frontend/mediumpurple/css/lib/bootstrap.min.css]
[fusionfx.com.ng/assets/frontend/mediumpurple/css/all.min.css]
[fusionfx.com.ng/assets/frontend/mediumpurple/css/line-awesome.min.css]
[fusionfx.com.ng/assets/frontend/mediumpurple/css/lib/odometer.css]
[fusionfx.com.ng/assets/frontend/mediumpurple/css/lib/slick.css]
[fusionfx.com.ng/assets/frontend/mediumpurple/css/main.css]
[fusionfx.com.ng/assets/frontend/mediumpurple/css/custom.css]
[fusionfx.com.ng/assets/backend/bootoast/toastr.css]
[www.google.com/recaptcha/api.js]
[fusionfx.com.ng/assets/images/logo/logo.png]
[fusionfx.com.ng/assets/frontend/mediumpurple/js/lib/jquery-3.6.0.min.js]
[fusionfx.com.ng/assets/frontend/mediumpurple/js/lib/bootstrap.bundle.min.js]
[fusionfx.com.ng/assets/frontend/mediumpurple/js/lib/slick.min.js]
[fusionfx.com.ng/assets/frontend/mediumpurple/js/lib/wow.min.js]
[fusionfx.com.ng/assets/frontend/mediumpurple/js/lib/slick-animation.min.js]
[fusionfx.com.ng/assets/frontend/mediumpurple/js/lib/odometer.min.js]
[fusionfx.com.ng/assets/frontend/mediumpurple/js/lib/viewport.jquery.js]
[fusionfx.com.ng/assets/frontend/mediumpurple/js/app.js]
[fusionfx.com.ng/assets/frontend/mediumpurple/js/custom.js]
[fusionfx.com.ng/register/68ebeb645eb5e.html]
[fusionfx.com.ng/assets/backend/bootoast/toastr.min.js]
[fusionfx.com.ng/assets/frontend/mediumpurple/css/lib/bootstrap.min.css]
[fusionfx.com.ng/assets/frontend/mediumpurple/css/all.min.css]
[fusionfx.com.ng/assets/frontend/mediumpurple/css/line-awesome.min.css]
[fusionfx.com.ng/assets/frontend/mediumpurple/css/lib/odometer.css]
[fusionfx.com.ng/assets/frontend/mediumpurple/css/lib/slick.css]
[fusionfx.com.ng/assets/images/banner/breadcrumb.jpg]
[fusionfx.com.ng/assets/frontend/mediumpurple/css/main.css]
[fusionfx.com.ng/assets/images/banner/bred.png]
[fusionfx.com.ng/assets/frontend/deepblack/img/bg/1.png]
[fusionfx.com.ng/assets/images/banner/bg.png]
[fusionfx.com.ng/assets/frontend/mediumpurple/css/custom.css]
[fusionfx.com.ng/assets/backend/bootoast/toastr.css]
[fusionfx.com.ng/assets/frontend/mediumpurple/js/lib/jquery-3.6.0.min.js]
[fusionfx.com.ng/assets/frontend/mediumpurple/js/lib/bootstrap.bundle.min.js]
[fusionfx.com.ng/assets/frontend/mediumpurple/js/lib/slick.min.js]
[fusionfx.com.ng/assets/frontend/mediumpurple/js/lib/wow.min.js]
[fusionfx.com.ng/assets/frontend/mediumpurple/js/lib/slick-animation.min.js]
[fusionfx.com.ng/assets/frontend/mediumpurple/js/lib/odometer.min.js]
[fusionfx.com.ng/assets/frontend/mediumpurple/js/lib/viewport.jquery.js]
[fusionfx.com.ng/assets/frontend/mediumpurple/js/app.js]
[fusionfx.com.ng/assets/frontend/mediumpurple/js/custom.js]
[fusionfx.com.ng/assets/backend/bootoast/toastr.min.js]
[fusionfx.com.ng/assets/images/banner/breadcrumb.html]
